{
    "the good sample finishes and the bad one is reported": {
        "content": [
            {
                "GETORGANELLE_CONFIG": {
                    "getorganelle": "1.7.7.1"
                },
                "MITOFORGE_SAMPLE_STATS": {
                    "mitoforge": "0.1.0"
                },
                "MITOFORGE_SUMMARY": {
                    "mitoforge": "0.1.0"
                },
                "MITOHIFI_FINALIZE": {
                    "mitohifi": "3.2.3"
                },
                "MITOHIFI_MITOHIFI": {
                    "mitohifi": "3.2.3"
                },
                "Workflow": {
                    "rcac-bioinformatics/mitoforge": "v0.1.0"
                }
            }
        ],
        "timestamp": "2026-09-22T15:52:55.603959744",
        "meta": {
            "nf-test": "0.9.5",
            "nextflow": "26.04.6"
        }
    }
}