{
    "two short-read samples share one HiFi sample's finished mitogenome": {
        "content": [
            {
                "FASTP": {
                    "fastp": "1.3.6"
                },
                "GETORGANELLE_CONFIG": {
                    "getorganelle": "1.7.7.1"
                },
                "GETORGANELLE_FROMREADS": {
                    "getorganelle": "1.7.7.1"
                },
                "GUNZIP": {
                    "gunzip": 1.13
                },
                "MITOFORGE_SAMPLE_STATS": {
                    "mitoforge": "0.1.0dev"
                },
                "MITOFORGE_SUMMARY": {
                    "mitoforge": "0.1.0dev"
                },
                "MITOHIFI_FINALIZE": {
                    "mitohifi": "3.2.3"
                },
                "MITOHIFI_MITOHIFI": {
                    "mitohifi": "3.2.3"
                },
                "Workflow": {
                    "rcac-bioinformatics/mitoforge": "v0.1.0dev"
                }
            }
        ],
        "timestamp": "2026-09-22T13:12:57.8528193",
        "meta": {
            "nf-test": "0.9.5",
            "nextflow": "26.04.6"
        }
    }
}