{
    "stub": {
        "content": [
            {
                "0": [
                    "mitoforge_summary.tsv:md5,bcdde8da68713a55bda339d4167d2867"
                ],
                "1": [
                    "all_contigs_stats.tsv:md5,100cd2626c17dd75afb3dbb2d107b730"
                ],
                "2": [
                    "mitoforge_summary_mqc.tsv:md5,bcdde8da68713a55bda339d4167d2867"
                ],
                "3": [
                    [
                        "MITOFORGE_SUMMARY",
                        "mitoforge",
                        "0.1.0"
                    ]
                ],
                "all_contigs_stats": [
                    "all_contigs_stats.tsv:md5,100cd2626c17dd75afb3dbb2d107b730"
                ],
                "mqc": [
                    "mitoforge_summary_mqc.tsv:md5,bcdde8da68713a55bda339d4167d2867"
                ],
                "summary": [
                    "mitoforge_summary.tsv:md5,bcdde8da68713a55bda339d4167d2867"
                ],
                "versions_mitoforge": [
                    [
                        "MITOFORGE_SUMMARY",
                        "mitoforge",
                        "0.1.0"
                    ]
                ]
            }
        ],
        "timestamp": "2026-09-22T15:39:45.885283996",
        "meta": {
            "nf-test": "0.9.5",
            "nextflow": "26.04.6"
        }
    }
}