{
    "stub": {
        "content": [
            {
                "0": [
                    "mitoforge_summary.tsv:md5,ae63ff7578e95760920ed5ab1002c243"
                ],
                "1": [
                    "all_contigs_stats.tsv:md5,920940e4da94bdd6793c21c1c8e8272e"
                ],
                "2": [
                    "mitoforge_summary_mqc.tsv:md5,ae63ff7578e95760920ed5ab1002c243"
                ],
                "3": [
                    [
                        "MITOFORGE_SUMMARY",
                        "mitoforge",
                        "0.1.0dev"
                    ]
                ],
                "all_contigs_stats": [
                    "all_contigs_stats.tsv:md5,920940e4da94bdd6793c21c1c8e8272e"
                ],
                "mqc": [
                    "mitoforge_summary_mqc.tsv:md5,ae63ff7578e95760920ed5ab1002c243"
                ],
                "summary": [
                    "mitoforge_summary.tsv:md5,ae63ff7578e95760920ed5ab1002c243"
                ],
                "versions_mitoforge": [
                    [
                        "MITOFORGE_SUMMARY",
                        "mitoforge",
                        "0.1.0dev"
                    ]
                ]
            }
        ],
        "timestamp": "2026-09-22T12:04:55.234995668",
        "meta": {
            "nf-test": "0.9.5",
            "nextflow": "26.04.6"
        }
    }
}